2026-08-03 13:59:19 [INFO] -> [CONTROLLER] Tiếp nhận gói chỉ thị sản xuất từ tầng GUI cho Tập phim 15...
2026-08-03 13:59:19 [INFO] -> [STORYBOARD] Đang thực thi bóc tách logic đơn nhất (Single Responsibility)...
2026-08-03 13:59:19 [ERROR] -> [REPO ERROR] Lỗi đồng bộ dữ liệu Storyboard xuống SQLite: One or more mappers failed to initialize - can't proceed with initialization of other mappers. Triggering mapper: 'Mapper[EpisodeModel(episodes)]'. Original exception was: Multiple classes found for path "ShotModel" in the registry of this declarative base. Please use a fully module-qualified path.
2026-08-03 13:59:19 [INFO] -> [API] ➔ [1/5] open_project: Khai hỏa dự án phim 'ToanDanTaoPhong'
2026-08-03 13:59:19 [INFO] -> [API] ➔ [2/5] current_scene: Đóng băng không gian Cảnh phim ID: [1501]
2026-08-03 13:59:19 [INFO] -> [API] ➔ [3/5] get_character: Nạp Token diện mạo cho nhân vật 'To Moc'
2026-08-03 13:59:19 [INFO] -> [API] ➔ [4/5] build_prompt: Đang xếp chồng các lớp Component Token...
2026-08-03 13:59:19 [INFO] -> [API] ➔ [5/5] render: Đang đẩy payload sang hàng đợi GPU phần cứng...
2026-08-03 13:59:25 [INFO] -> [SDK ENGINE] Plugin [LTX_STUDIO_AUTOMATION] đã được kích hoạt trên hệ thống.
2026-08-03 13:59:25 [INFO] -> [LTX_STUDIO_AUTOMATION] [GPU ENGAGED] Đang đẩy chỉ thị Render cho scene_01...
2026-08-03 13:59:25 [INFO] -> [SDK ENGINE] Plugin [LTX_STUDIO_AUTOMATION] đã tạm dừng kích hoạt.
2026-08-03 13:59:25 [INFO] -> [PROMPT SERVICE] Biên dịch Prompt thông qua lớp Template...
2026-08-03 13:59:25 [INFO] -> [PROMPT TEMPLATE] Đã biên dịch thành công mẫu câu lệnh [Key: DONGHUA_3D]
2026-08-03 13:59:26 [INFO] -> [PROMPT CORES] Đang thực thi trộn ma trận Token 9 lớp cho Shot ID: [150101]
2026-08-03 13:59:26 [INFO] -> [PROMPT CORES] Đang thực thi trộn ma trận Token 9 lớp cho Shot ID: [150101]
2026-08-03 13:59:36 [INFO] -> [SCENE INTEL] Đang phân rã gói dữ liệu cấu trúc YAML của Đạo diễn AI...
2026-08-03 13:59:36 [INFO] ->  -> [✓] Tiêu đề cảnh: Gặp nhau tại học viện
2026-08-03 13:59:36 [INFO] ->  -> [✓] Trạng thái cảm xúc phát hiện: ['Bình tĩnh', 'Mong chờ']
2026-08-03 13:59:36 [INFO] ->  -> [✓] Danh sách góc máy chỉ định: ['Establishing Shot', 'Medium Shot', 'Close Up']
2026-08-03 13:59:36 [INFO] -> [LTX_STUDIO_AUTOMATION] Đang thiết lập cấu hình khóa bảo mật API Stream...
2026-08-03 13:59:36 [INFO] -> [SDK ENGINE] Plugin [LTX_STUDIO_AUTOMATION] đã được kích hoạt trên hệ thống.
2026-08-03 13:59:36 [INFO] -> [LTX_STUDIO_AUTOMATION] [GPU ENGAGED] Đang đẩy chỉ thị Render cho shot_1501...
2026-08-03 13:59:43 [INFO] -> [SHOT MANAGER] Tiến hành bẻ nhỏ Scene ID [15] thành chuỗi cắt cảnh...
2026-08-03 13:59:43 [INFO] -> [SHOT PLANNER] Đang khởi chạy ma trận phân rã góc máy cho Scene ID: [701]
2026-08-03 13:59:43 [INFO] ->  -> Khởi tạo thành công: [Shot 01] Ngữ cảnh: ESTABLISHING | Thời lượng: 5.0s
2026-08-03 13:59:43 [INFO] ->  -> Khởi tạo thành công: [Shot 02] Ngữ cảnh: DOOR OPENING | Thời lượng: 4.0s
2026-08-03 13:59:43 [INFO] ->  -> Khởi tạo thành công: [Shot 03] Ngữ cảnh: REACTION | Thời lượng: 2.0s
2026-08-03 13:59:43 [INFO] ->  -> Khởi tạo thành công: [Shot 04] Ngữ cảnh: DIALOGUE | Thời lượng: 3.0s
2026-08-03 13:59:43 [INFO] -> [CAMERA PLANNER] Đã ghim thông số: Khung hình=Wide Shot, Ống kính=24mm, Chuyển động=Slow Push
2026-08-03 13:59:43 [INFO] -> [LIGHTING PLANNER] Đã ghim bộ lọc: Morning (Volumetric with Sun Rays)
2026-08-03 13:59:43 [INFO] -> [AI DIRECTOR] Đang bóc tách chỉ đạo nghệ thuật cho Cú máy số 01...
2026-08-03 13:59:43 [INFO] -> [STORYBOARD] Đang thực thi bóc tách logic đơn nhất (Single Responsibility)...
2026-08-03 13:59:43 [ERROR] -> [REPO ERROR] Lỗi đồng bộ dữ liệu Storyboard xuống SQLite: One or more mappers failed to initialize - can't proceed with initialization of other mappers. Triggering mapper: 'Mapper[EpisodeModel(episodes)]'. Original exception was: Multiple classes found for path "ShotModel" in the registry of this declarative base. Please use a fully module-qualified path.
2026-08-03 13:59:43 [INFO] -> Prompt Builder: Đã áp dụng mẫu [ltx_action] tự động cho [SCENE_01_002]
2026-08-03 13:59:43 [INFO] -> Prompt Builder: Đã áp dụng mẫu [ltx_dialogue] tự động cho [SCENE_01_001]
2026-08-03 13:59:44 [INFO] -> [ASSET MANAGER] Khởi tạo thành công cây thư mục lưu trữ: projects\ToanDanTaoPhong_Test\renders\scenes
2026-08-03 13:59:44 [INFO] -> [ASSET MANAGER] Đã đồng bộ cú máy vật lý -> [projects\ToanDanTaoPhong_Test\renders\scenes\Shot01.mp4]
2026-08-03 14:03:03 [INFO] -> [CONTROLLER] Tiếp nhận gói chỉ thị sản xuất từ tầng GUI cho Tập phim 15...
2026-08-03 14:03:04 [INFO] -> [STORYBOARD] Đang thực thi bóc tách logic đơn nhất (Single Responsibility)...
2026-08-03 14:03:04 [ERROR] -> [REPO ERROR] Lỗi đồng bộ dữ liệu Storyboard xuống SQLite: One or more mappers failed to initialize - can't proceed with initialization of other mappers. Triggering mapper: 'Mapper[EpisodeModel(episodes)]'. Original exception was: Multiple classes found for path "ShotModel" in the registry of this declarative base. Please use a fully module-qualified path.
2026-08-03 14:03:04 [INFO] -> [API] ➔ [1/5] open_project: Khai hỏa dự án phim 'ToanDanTaoPhong'
2026-08-03 14:03:04 [INFO] -> [API] ➔ [2/5] current_scene: Đóng băng không gian Cảnh phim ID: [1501]
2026-08-03 14:03:04 [INFO] -> [API] ➔ [3/5] get_character: Nạp Token diện mạo cho nhân vật 'To Moc'
2026-08-03 14:03:04 [INFO] -> [API] ➔ [4/5] build_prompt: Đang xếp chồng các lớp Component Token...
2026-08-03 14:03:04 [INFO] -> [API] ➔ [5/5] render: Đang đẩy payload sang hàng đợi GPU phần cứng...
2026-08-03 14:03:07 [INFO] -> [SDK ENGINE] Plugin [LTX_STUDIO_AUTOMATION] đã được kích hoạt trên hệ thống.
2026-08-03 14:03:07 [INFO] -> [LTX_STUDIO_AUTOMATION] [GPU ENGAGED] Đang đẩy chỉ thị Render cho scene_01...
2026-08-03 14:03:07 [INFO] -> [SDK ENGINE] Plugin [LTX_STUDIO_AUTOMATION] đã tạm dừng kích hoạt.
2026-08-03 14:03:07 [INFO] -> [PROMPT SERVICE] Biên dịch Prompt thông qua lớp Template...
2026-08-03 14:03:07 [INFO] -> [PROMPT TEMPLATE] Đã biên dịch thành công mẫu câu lệnh [Key: DONGHUA_3D]
2026-08-03 14:03:07 [INFO] -> [PROMPT CORES] Đang thực thi trộn ma trận Token 9 lớp cho Shot ID: [150101]
2026-08-03 14:03:07 [INFO] -> [PROMPT CORES] Đang thực thi trộn ma trận Token 9 lớp cho Shot ID: [150101]
2026-08-03 14:03:14 [INFO] -> [SCENE INTEL] Đang phân rã gói dữ liệu cấu trúc YAML của Đạo diễn AI...
2026-08-03 14:03:14 [INFO] ->  -> [✓] Tiêu đề cảnh: Gặp nhau tại học viện
2026-08-03 14:03:14 [INFO] ->  -> [✓] Trạng thái cảm xúc phát hiện: ['Bình tĩnh', 'Mong chờ']
2026-08-03 14:03:14 [INFO] ->  -> [✓] Danh sách góc máy chỉ định: ['Establishing Shot', 'Medium Shot', 'Close Up']
2026-08-03 14:03:14 [INFO] -> [LTX_STUDIO_AUTOMATION] Đang thiết lập cấu hình khóa bảo mật API Stream...
2026-08-03 14:03:14 [INFO] -> [SDK ENGINE] Plugin [LTX_STUDIO_AUTOMATION] đã được kích hoạt trên hệ thống.
2026-08-03 14:03:14 [INFO] -> [LTX_STUDIO_AUTOMATION] [GPU ENGAGED] Đang đẩy chỉ thị Render cho shot_1501...
2026-08-03 14:03:18 [INFO] -> [SHOT MANAGER] Tiến hành bẻ nhỏ Scene ID [15] thành chuỗi cắt cảnh...
2026-08-03 14:03:18 [INFO] -> [SHOT PLANNER] Đang khởi chạy ma trận phân rã góc máy cho Scene ID: [701]
2026-08-03 14:03:18 [INFO] ->  -> Khởi tạo thành công: [Shot 01] Ngữ cảnh: ESTABLISHING | Thời lượng: 5.0s
2026-08-03 14:03:18 [INFO] ->  -> Khởi tạo thành công: [Shot 02] Ngữ cảnh: DOOR OPENING | Thời lượng: 4.0s
2026-08-03 14:03:18 [INFO] ->  -> Khởi tạo thành công: [Shot 03] Ngữ cảnh: REACTION | Thời lượng: 2.0s
2026-08-03 14:03:18 [INFO] ->  -> Khởi tạo thành công: [Shot 04] Ngữ cảnh: DIALOGUE | Thời lượng: 3.0s
2026-08-03 14:03:18 [INFO] -> [CAMERA PLANNER] Đã ghim thông số: Khung hình=Wide Shot, Ống kính=24mm, Chuyển động=Slow Push
2026-08-03 14:03:18 [INFO] -> [LIGHTING PLANNER] Đã ghim bộ lọc: Morning (Volumetric with Sun Rays)
2026-08-03 14:03:18 [INFO] -> [AI DIRECTOR] Đang bóc tách chỉ đạo nghệ thuật cho Cú máy số 01...
2026-08-03 14:03:18 [INFO] -> [STORYBOARD] Đang thực thi bóc tách logic đơn nhất (Single Responsibility)...
2026-08-03 14:03:18 [ERROR] -> [REPO ERROR] Lỗi đồng bộ dữ liệu Storyboard xuống SQLite: One or more mappers failed to initialize - can't proceed with initialization of other mappers. Triggering mapper: 'Mapper[EpisodeModel(episodes)]'. Original exception was: Multiple classes found for path "ShotModel" in the registry of this declarative base. Please use a fully module-qualified path.
2026-08-03 14:03:18 [INFO] -> Prompt Builder: Đã áp dụng mẫu [ltx_action] tự động cho [SCENE_01_002]
2026-08-03 14:03:18 [INFO] -> Prompt Builder: Đã áp dụng mẫu [ltx_dialogue] tự động cho [SCENE_01_001]
2026-08-03 14:03:18 [INFO] -> [ASSET MANAGER] Khởi tạo thành công cây thư mục lưu trữ: projects\ToanDanTaoPhong_Test\renders\scenes
2026-08-03 14:03:18 [INFO] -> [ASSET MANAGER] Đã đồng bộ cú máy vật lý -> [projects\ToanDanTaoPhong_Test\renders\scenes\Shot01.mp4]
2026-08-03 14:09:15 [INFO] -> [CONTROLLER] Tiếp nhận gói chỉ thị sản xuất từ tầng GUI cho Tập phim 15...
2026-08-03 14:09:15 [INFO] -> [STORYBOARD] Đang thực thi bóc tách logic đơn nhất (Single Responsibility)...
2026-08-03 14:09:15 [ERROR] -> [REPO ERROR] Lỗi đồng bộ dữ liệu Storyboard xuống SQLite: One or more mappers failed to initialize - can't proceed with initialization of other mappers. Triggering mapper: 'Mapper[EpisodeModel(episodes)]'. Original exception was: Multiple classes found for path "ShotModel" in the registry of this declarative base. Please use a fully module-qualified path.
2026-08-03 14:09:15 [INFO] -> [API] ➔ [1/5] open_project: Khai hỏa dự án phim 'ToanDanTaoPhong'
2026-08-03 14:09:15 [INFO] -> [API] ➔ [2/5] current_scene: Đóng băng không gian Cảnh phim ID: [1501]
2026-08-03 14:09:15 [INFO] -> [API] ➔ [3/5] get_character: Nạp Token diện mạo cho nhân vật 'To Moc'
2026-08-03 14:09:15 [INFO] -> [API] ➔ [4/5] build_prompt: Đang xếp chồng các lớp Component Token...
2026-08-03 14:09:15 [INFO] -> [API] ➔ [5/5] render: Đang đẩy payload sang hàng đợi GPU phần cứng...
2026-08-03 14:09:19 [INFO] -> [SDK ENGINE] Plugin [LTX_STUDIO_AUTOMATION] đã được kích hoạt trên hệ thống.
2026-08-03 14:09:19 [INFO] -> [LTX_STUDIO_AUTOMATION] [GPU ENGAGED] Đang đẩy chỉ thị Render cho scene_01...
2026-08-03 14:09:19 [INFO] -> [SDK ENGINE] Plugin [LTX_STUDIO_AUTOMATION] đã tạm dừng kích hoạt.
2026-08-03 14:09:20 [INFO] -> [PROMPT SERVICE] Biên dịch Prompt thông qua lớp Template...
2026-08-03 14:09:20 [INFO] -> [PROMPT TEMPLATE] Đã biên dịch thành công mẫu câu lệnh [Key: DONGHUA_3D]
2026-08-03 14:09:20 [INFO] -> [PROMPT CORES] Đang thực thi trộn ma trận Token 9 lớp cho Shot ID: [150101]
2026-08-03 14:09:20 [INFO] -> [PROMPT CORES] Đang thực thi trộn ma trận Token 9 lớp cho Shot ID: [150101]
2026-08-03 14:09:27 [INFO] -> [SCENE INTEL] Đang phân rã gói dữ liệu cấu trúc YAML của Đạo diễn AI...
2026-08-03 14:09:27 [INFO] ->  -> [✓] Tiêu đề cảnh: Gặp nhau tại học viện
2026-08-03 14:09:27 [INFO] ->  -> [✓] Trạng thái cảm xúc phát hiện: ['Bình tĩnh', 'Mong chờ']
2026-08-03 14:09:27 [INFO] ->  -> [✓] Danh sách góc máy chỉ định: ['Establishing Shot', 'Medium Shot', 'Close Up']
2026-08-03 14:09:27 [INFO] -> [LTX_STUDIO_AUTOMATION] Đang thiết lập cấu hình khóa bảo mật API Stream...
2026-08-03 14:09:27 [INFO] -> [SDK ENGINE] Plugin [LTX_STUDIO_AUTOMATION] đã được kích hoạt trên hệ thống.
2026-08-03 14:09:27 [INFO] -> [LTX_STUDIO_AUTOMATION] [GPU ENGAGED] Đang đẩy chỉ thị Render cho shot_1501...
2026-08-03 14:09:32 [INFO] -> [SHOT MANAGER] Tiến hành bẻ nhỏ Scene ID [15] thành chuỗi cắt cảnh...
2026-08-03 14:09:32 [INFO] -> [SHOT PLANNER] Đang khởi chạy ma trận phân rã góc máy cho Scene ID: [701]
2026-08-03 14:09:32 [INFO] ->  -> Khởi tạo thành công: [Shot 01] Ngữ cảnh: ESTABLISHING | Thời lượng: 5.0s
2026-08-03 14:09:32 [INFO] ->  -> Khởi tạo thành công: [Shot 02] Ngữ cảnh: DOOR OPENING | Thời lượng: 4.0s
2026-08-03 14:09:32 [INFO] ->  -> Khởi tạo thành công: [Shot 03] Ngữ cảnh: REACTION | Thời lượng: 2.0s
2026-08-03 14:09:32 [INFO] ->  -> Khởi tạo thành công: [Shot 04] Ngữ cảnh: DIALOGUE | Thời lượng: 3.0s
2026-08-03 14:09:33 [INFO] -> [CAMERA PLANNER] Đã ghim thông số: Khung hình=Wide Shot, Ống kính=24mm, Chuyển động=Slow Push
2026-08-03 14:09:33 [INFO] -> [LIGHTING PLANNER] Đã ghim bộ lọc: Morning (Volumetric with Sun Rays)
2026-08-03 14:09:33 [INFO] -> [AI DIRECTOR] Đang bóc tách chỉ đạo nghệ thuật cho Cú máy số 01...
2026-08-03 14:09:33 [INFO] -> [STORYBOARD] Đang thực thi bóc tách logic đơn nhất (Single Responsibility)...
2026-08-03 14:09:33 [ERROR] -> [REPO ERROR] Lỗi đồng bộ dữ liệu Storyboard xuống SQLite: One or more mappers failed to initialize - can't proceed with initialization of other mappers. Triggering mapper: 'Mapper[EpisodeModel(episodes)]'. Original exception was: Multiple classes found for path "ShotModel" in the registry of this declarative base. Please use a fully module-qualified path.
2026-08-03 14:09:33 [INFO] -> Prompt Builder: Đã áp dụng mẫu [ltx_action] tự động cho [SCENE_01_002]
2026-08-03 14:09:33 [INFO] -> Prompt Builder: Đã áp dụng mẫu [ltx_dialogue] tự động cho [SCENE_01_001]
2026-08-03 14:09:33 [INFO] -> [ASSET MANAGER] Khởi tạo thành công cây thư mục lưu trữ: projects\ToanDanTaoPhong_Test\renders\scenes
2026-08-03 14:09:33 [INFO] -> [ASSET MANAGER] Đã đồng bộ cú máy vật lý -> [projects\ToanDanTaoPhong_Test\renders\scenes\Shot01.mp4]
2026-08-03 14:14:32 [INFO] -> [CONTROLLER] Tiếp nhận gói chỉ thị sản xuất từ tầng GUI cho Tập phim 15...
2026-08-03 14:14:32 [INFO] -> [STORYBOARD] Đang thực thi bóc tách logic đơn nhất (Single Responsibility)...
2026-08-03 14:14:32 [ERROR] -> [REPO ERROR] Lỗi đồng bộ dữ liệu Storyboard xuống SQLite: One or more mappers failed to initialize - can't proceed with initialization of other mappers. Triggering mapper: 'Mapper[EpisodeModel(episodes)]'. Original exception was: Multiple classes found for path "ShotModel" in the registry of this declarative base. Please use a fully module-qualified path.
2026-08-03 14:14:32 [INFO] -> [API] ➔ [1/5] open_project: Khai hỏa dự án phim 'ToanDanTaoPhong'
2026-08-03 14:14:32 [INFO] -> [API] ➔ [2/5] current_scene: Đóng băng không gian Cảnh phim ID: [1501]
2026-08-03 14:14:32 [INFO] -> [API] ➔ [3/5] get_character: Nạp Token diện mạo cho nhân vật 'To Moc'
2026-08-03 14:14:32 [INFO] -> [API] ➔ [4/5] build_prompt: Đang xếp chồng các lớp Component Token...
2026-08-03 14:14:32 [INFO] -> [API] ➔ [5/5] render: Đang đẩy payload sang hàng đợi GPU phần cứng...
2026-08-03 14:14:38 [INFO] -> [SDK ENGINE] Plugin [LTX_STUDIO_AUTOMATION] đã được kích hoạt trên hệ thống.
2026-08-03 14:14:38 [INFO] -> [LTX_STUDIO_AUTOMATION] [GPU ENGAGED] Đang đẩy chỉ thị Render cho scene_01...
2026-08-03 14:14:38 [INFO] -> [SDK ENGINE] Plugin [LTX_STUDIO_AUTOMATION] đã tạm dừng kích hoạt.
2026-08-03 14:14:39 [INFO] -> [PROMPT SERVICE] Biên dịch Prompt thông qua lớp Template...
2026-08-03 14:14:39 [INFO] -> [PROMPT TEMPLATE] Đã biên dịch thành công mẫu câu lệnh [Key: DONGHUA_3D]
2026-08-03 14:14:39 [INFO] -> [PROMPT CORES] Đang thực thi trộn ma trận Token 9 lớp cho Shot ID: [150101]
2026-08-03 14:14:39 [INFO] -> [PROMPT CORES] Đang thực thi trộn ma trận Token 9 lớp cho Shot ID: [150101]
2026-08-03 14:14:48 [INFO] -> [SCENE INTEL] Đang phân rã gói dữ liệu cấu trúc YAML của Đạo diễn AI...
2026-08-03 14:14:48 [INFO] ->  -> [✓] Tiêu đề cảnh: Gặp nhau tại học viện
2026-08-03 14:14:48 [INFO] ->  -> [✓] Trạng thái cảm xúc phát hiện: ['Bình tĩnh', 'Mong chờ']
2026-08-03 14:14:48 [INFO] ->  -> [✓] Danh sách góc máy chỉ định: ['Establishing Shot', 'Medium Shot', 'Close Up']
2026-08-03 14:14:48 [INFO] -> [LTX_STUDIO_AUTOMATION] Đang thiết lập cấu hình khóa bảo mật API Stream...
2026-08-03 14:14:48 [INFO] -> [SDK ENGINE] Plugin [LTX_STUDIO_AUTOMATION] đã được kích hoạt trên hệ thống.
2026-08-03 14:14:48 [INFO] -> [LTX_STUDIO_AUTOMATION] [GPU ENGAGED] Đang đẩy chỉ thị Render cho shot_1501...
2026-08-03 14:14:52 [INFO] -> [SHOT MANAGER] Tiến hành bẻ nhỏ Scene ID [15] thành chuỗi cắt cảnh...
2026-08-03 14:14:52 [INFO] -> [SHOT PLANNER] Đang khởi chạy ma trận phân rã góc máy cho Scene ID: [701]
2026-08-03 14:14:52 [INFO] ->  -> Khởi tạo thành công: [Shot 01] Ngữ cảnh: ESTABLISHING | Thời lượng: 5.0s
2026-08-03 14:14:52 [INFO] ->  -> Khởi tạo thành công: [Shot 02] Ngữ cảnh: DOOR OPENING | Thời lượng: 4.0s
2026-08-03 14:14:52 [INFO] ->  -> Khởi tạo thành công: [Shot 03] Ngữ cảnh: REACTION | Thời lượng: 2.0s
2026-08-03 14:14:52 [INFO] ->  -> Khởi tạo thành công: [Shot 04] Ngữ cảnh: DIALOGUE | Thời lượng: 3.0s
2026-08-03 14:14:52 [INFO] -> [CAMERA PLANNER] Đã ghim thông số: Khung hình=Wide Shot, Ống kính=24mm, Chuyển động=Slow Push
2026-08-03 14:14:52 [INFO] -> [LIGHTING PLANNER] Đã ghim bộ lọc: Morning (Volumetric with Sun Rays)
2026-08-03 14:14:52 [INFO] -> [AI DIRECTOR] Đang bóc tách chỉ đạo nghệ thuật cho Cú máy số 01...
2026-08-03 14:14:52 [INFO] -> [STORYBOARD] Đang thực thi bóc tách logic đơn nhất (Single Responsibility)...
2026-08-03 14:14:52 [ERROR] -> [REPO ERROR] Lỗi đồng bộ dữ liệu Storyboard xuống SQLite: One or more mappers failed to initialize - can't proceed with initialization of other mappers. Triggering mapper: 'Mapper[EpisodeModel(episodes)]'. Original exception was: Multiple classes found for path "ShotModel" in the registry of this declarative base. Please use a fully module-qualified path.
2026-08-03 14:14:52 [INFO] -> Prompt Builder: Đã áp dụng mẫu [ltx_action] tự động cho [SCENE_01_002]
2026-08-03 14:14:52 [INFO] -> Prompt Builder: Đã áp dụng mẫu [ltx_dialogue] tự động cho [SCENE_01_001]
2026-08-03 14:14:52 [INFO] -> [ASSET MANAGER] Khởi tạo thành công cây thư mục lưu trữ: projects\ToanDanTaoPhong_Test\renders\scenes
2026-08-03 14:14:52 [INFO] -> [ASSET MANAGER] Đã đồng bộ cú máy vật lý -> [projects\ToanDanTaoPhong_Test\renders\scenes\Shot01.mp4]
